###############################################################################
#
# IAR ELF Linker V8.40.1.212/W32 for ARM                  12/Nov/2020  16:50:54
# Copyright 2007-2019 IAR Systems AB.
#
#    Output file  =
#        C:\Users\maris\embsys310\assignment03\blink\Debug\Exe\blink.out
#    Map file     =
#        C:\Users\maris\embsys310\assignment03\blink\Debug\List\blink.map
#    Command line =
#        -f C:\Users\maris\AppData\Local\Temp\EWCD.tmp
#        (C:\Users\maris\embsys310\assignment03\blink\Debug\Obj\main.o
#        --no_out_extension -o
#        C:\Users\maris\embsys310\assignment03\blink\Debug\Exe\blink.out
#        --redirect _Printf=_PrintfFullNoMb --redirect _Scanf=_ScanfFullNoMb
#        --map C:\Users\maris\embsys310\assignment03\blink\Debug\List\blink.map
#        --config "C:\Program Files (x86)\IAR Systems\Embedded Workbench
#        8.3\arm\CONFIG\generic_cortex.icf" --semihosting --entry
#        __iar_program_start --vfe --text_out locale)
#
###############################################################################

*******************************************************************************
*** RUNTIME MODEL ATTRIBUTES
***

CppFlavor       = *
__SystemLibrary = DLib
__dlib_version  = 6


*******************************************************************************
*** HEAP SELECTION
***

The basic heap was selected because some modules are built with
size limitations (and not runtime checking), and --advanced_heap
was not specified.


*******************************************************************************
*** PLACEMENT SUMMARY
***

"A0":  place at address 0x0 { ro section .intvec };
"P1":  place in [from 0x0 to 0x7'ffff] { ro };
define block CSTACK with size = 1K, alignment = 8 { };
define block PROC_STACK with size = 0, alignment = 8 { };
define block HEAP with size = 2K, alignment = 8 { };
"P2":  place in [from 0x2000'0000 to 0x2000'ffff] {
          rw, block CSTACK, block PROC_STACK, block HEAP };

  Section          Kind         Address   Size  Object
  -------          ----         -------   ----  ------
"A0":                                     0x40
  .intvec          ro code          0x0   0x40  vector_table_M.o [3]
                                 - 0x40   0x40

"P1":                                    0x120
  .text            ro code         0x40   0x58  main.o [1]
  .text            ro code         0x98   0x3a  zero_init3.o [3]
  .text            ro code         0xd2    0x2  vector_table_M.o [3]
  .text            ro code         0xd4   0x28  data_init.o [3]
  .iar.init_table  const           0xfc   0x10  - Linker created -
  .text            ro code        0x10c   0x1e  cmain.o [3]
  .text            ro code        0x12a    0x4  low_level_init.o [2]
  .text            ro code        0x12e    0x4  exit.o [2]
  .text            ro code        0x134    0xa  cexit.o [3]
  .text            ro code        0x140   0x14  exit.o [4]
  .text            ro code        0x154    0xc  cstartup_M.o [3]
  .rodata          const          0x160    0x0  zero_init3.o [3]
                                - 0x160  0x120

"P2", part 1 of 2:                         0x4
  .bss             zero     0x2000'0000    0x4  main.o [1]
                          - 0x2000'0004    0x4

"P2", part 2 of 2:                       0x400
  CSTACK                    0x2000'0008  0x400  <Block>
    CSTACK         uninit   0x2000'0008  0x400  <Block tail>
                          - 0x2000'0408  0x400

Unused ranges:

         From           To      Size
         ----           --      ----
        0x160     0x7'ffff  0x7'fea0
  0x2000'0004  0x2000'0007       0x4
  0x2000'0408  0x2000'ffff    0xfbf8


*******************************************************************************
*** INIT TABLE
***

          Address      Size
          -------      ----
Zero (__iar_zero_init3)
    1 destination range, total size 0x4:
          0x2000'0000   0x4



*******************************************************************************
*** MODULE SUMMARY
***

    Module            ro code  ro data  rw data
    ------            -------  -------  -------
command line/config:
    -------------------------------------------
    Total:

C:\Users\maris\embsys310\assignment03\blink\Debug\Obj: [1]
    main.o                 88                 4
    -------------------------------------------
    Total:                 88                 4

dl7M_tln.a: [2]
    exit.o                  4
    low_level_init.o        4
    -------------------------------------------
    Total:                  8

rt7M_tl.a: [3]
    cexit.o                10
    cmain.o                30
    cstartup_M.o           12
    data_init.o            40
    vector_table_M.o       66
    zero_init3.o           58
    -------------------------------------------
    Total:                216

shb_l.a: [4]
    exit.o                 20
    -------------------------------------------
    Total:                 20

    Gaps                    4
    Linker created                  16    1'024
-----------------------------------------------
    Grand Total:          336       16    1'028


*******************************************************************************
*** ENTRY LIST
***

Entry                       Address  Size  Type      Object
-----                       -------  ----  ----      ------
.iar.init_table$$Base          0xfc         --   Gb  - Linker created -
.iar.init_table$$Limit        0x10c         --   Gb  - Linker created -
?main                         0x10d        Code  Gb  cmain.o [3]
CSTACK$$Base            0x2000'0008         --   Gb  - Linker created -
CSTACK$$Limit           0x2000'0408         --   Gb  - Linker created -
Region$$Table$$Base            0xfc         --   Gb  - Linker created -
Region$$Table$$Limit          0x10c         --   Gb  - Linker created -
__cmain                       0x10d        Code  Gb  cmain.o [3]
__exit                        0x141  0x14  Code  Gb  exit.o [4]
__iar_data_init3               0xd5  0x28  Code  Gb  data_init.o [3]
__iar_program_start           0x155        Code  Gb  cstartup_M.o [3]
__iar_zero_init3               0x99  0x3a  Code  Gb  zero_init3.o [3]
__low_level_init              0x12b   0x4  Code  Gb  low_level_init.o [2]
__vector_table                  0x0        Data  Gb  vector_table_M.o [3]
_call_main                    0x119        Code  Gb  cmain.o [3]
_exit                         0x135        Code  Gb  cexit.o [3]
_main                         0x127        Code  Gb  cmain.o [3]
counter                 0x2000'0000   0x4  Data  Gb  main.o [1]
exit                          0x12f   0x4  Code  Gb  exit.o [2]
main                           0x41  0x58  Code  Gb  main.o [1]


[1] = C:\Users\maris\embsys310\assignment03\blink\Debug\Obj
[2] = dl7M_tln.a
[3] = rt7M_tl.a
[4] = shb_l.a

    336 bytes of readonly  code memory
     16 bytes of readonly  data memory
  1'028 bytes of readwrite data memory

Errors: none
Warnings: none
