###############################################################################
#
# IAR ELF Linker V8.40.1.212/W32 for ARM                  07/Dec/2020  20:01:37
# Copyright 2007-2019 IAR Systems AB.
#
#    Output file  =
#        C:\Users\maris\embsys310\assignment04\Queue
#        Demo\Module05_Demo08_Queue\Debug\Exe\main.out
#    Map file     =
#        C:\Users\maris\embsys310\assignment04\Queue
#        Demo\Module05_Demo08_Queue\Debug\List\main.map
#    Command line =
#        -f C:\Users\maris\AppData\Local\Temp\EW4314.tmp
#        ("C:\Users\maris\embsys310\assignment04\Queue
#        Demo\Module05_Demo08_Queue\Debug\Obj\main.o"
#        "C:\Users\maris\embsys310\assignment04\Queue
#        Demo\Module05_Demo08_Queue\Debug\Obj\queue.o" --no_out_extension -o
#        "C:\Users\maris\embsys310\assignment04\Queue
#        Demo\Module05_Demo08_Queue\Debug\Exe\main.out" --redirect
#        _Printf=_PrintfFullNoMb --redirect _Scanf=_ScanfFullNoMb --map
#        "C:\Users\maris\embsys310\assignment04\Queue
#        Demo\Module05_Demo08_Queue\Debug\List\main.map" --config "C:\Program
#        Files (x86)\IAR Systems\Embedded Workbench
#        8.3\arm\CONFIG\generic_cortex.icf" --semihosting --entry
#        __iar_program_start --vfe --text_out locale)
#
###############################################################################

*******************************************************************************
*** RUNTIME MODEL ATTRIBUTES
***

CppFlavor       = *
__SystemLibrary = DLib
__dlib_version  = 6


*******************************************************************************
*** HEAP SELECTION
***

The basic heap was selected because some modules are built with
size limitations (and not runtime checking), and --advanced_heap
was not specified.


*******************************************************************************
*** PLACEMENT SUMMARY
***

"A0":  place at address 0x0 { ro section .intvec };
"P1":  place in [from 0x0 to 0x7'ffff] { ro };
define block CSTACK with size = 1K, alignment = 8 { };
define block PROC_STACK with size = 0, alignment = 8 { };
define block HEAP with size = 2K, alignment = 8 { };
"P2":  place in [from 0x2000'0000 to 0x2000'ffff] {
          rw, block CSTACK, block PROC_STACK, block HEAP };

  Section          Kind         Address   Size  Object
  -------          ----         -------   ----  ------
"A0":                                     0x40
  .intvec          ro code          0x0   0x40  vector_table_M.o [3]
                                 - 0x40   0x40

"P1":                                    0x824
  .text            ro code         0x40  0x4f8  main.o [1]
  .text            ro code        0x538   0xc4  queue.o [1]
  .text            ro code        0x5fc   0x24  ABIassert.o [4]
  .text            ro code        0x620    0x6  abort.o [2]
  .text            ro code        0x626   0x3a  zero_init3.o [3]
  .text            ro code        0x660   0x14  exit.o [4]
  .rodata          const          0x674   0x50  main.o [1]
  .text            ro code        0x6c4   0x28  data_init.o [3]
  .iar.init_table  const          0x6ec   0x10  - Linker created -
  .text            ro code        0x6fc   0x1e  cmain.o [3]
  .text            ro code        0x71a    0x4  low_level_init.o [2]
  .text            ro code        0x71e    0x4  exit.o [2]
  .text            ro code        0x722    0x2  vector_table_M.o [3]
  .text            ro code        0x724    0xa  cexit.o [3]
  .rodata          const          0x730   0x1c  main.o [1]
  .rodata          const          0x74c   0x18  main.o [1]
  .rodata          const          0x764   0x18  main.o [1]
  .rodata          const          0x77c   0x14  main.o [1]
  .rodata          const          0x790   0x14  main.o [1]
  .rodata          const          0x7a4   0x14  main.o [1]
  .rodata          const          0x7b8   0x10  main.o [1]
  .rodata          const          0x7c8   0x10  main.o [1]
  .rodata          const          0x7d8   0x10  main.o [1]
  .rodata          const          0x7e8   0x10  main.o [1]
  .rodata          const          0x7f8   0x10  main.o [1]
  .rodata          const          0x808   0x10  main.o [1]
  .rodata          const          0x818   0x10  main.o [1]
  .rodata          const          0x828   0x10  main.o [1]
  .rodata          const          0x838   0x10  main.o [1]
  .rodata          const          0x848   0x10  main.o [1]
  .text            ro code        0x858    0xc  cstartup_M.o [3]
  .rodata          const          0x864    0x0  zero_init3.o [3]
                                - 0x864  0x824

"P2", part 1 of 2:                         0xc
  .bss             zero     0x2000'0000    0x4  queue.o [1]
  .bss             zero     0x2000'0004    0x4  queue.o [1]
  .bss             zero     0x2000'0008    0x4  queue.o [1]
                          - 0x2000'000c    0xc

"P2", part 2 of 2:                       0x400
  CSTACK                    0x2000'0010  0x400  <Block>
    CSTACK         uninit   0x2000'0010  0x400  <Block tail>
                          - 0x2000'0410  0x400

Unused ranges:

         From           To      Size
         ----           --      ----
        0x864     0x7'ffff  0x7'f79c
  0x2000'000c  0x2000'000f       0x4
  0x2000'0410  0x2000'ffff    0xfbf0


*******************************************************************************
*** INIT TABLE
***

          Address      Size
          -------      ----
Zero (__iar_zero_init3)
    1 destination range, total size 0xc:
          0x2000'0000   0xc



*******************************************************************************
*** MODULE SUMMARY
***

    Module            ro code  ro data  rw data
    ------            -------  -------  -------
command line/config:
    -------------------------------------------
    Total:

C:\Users\maris\embsys310\assignment04\Queue Demo\Module05_Demo08_Queue\Debug\Obj: [1]
    main.o              1'272      376
    queue.o               196                12
    -------------------------------------------
    Total:              1'468      376       12

dl7M_tln.a: [2]
    abort.o                 6
    exit.o                  4
    low_level_init.o        4
    -------------------------------------------
    Total:                 14

rt7M_tl.a: [3]
    cexit.o                10
    cmain.o                30
    cstartup_M.o           12
    data_init.o            40
    vector_table_M.o       66
    zero_init3.o           58
    -------------------------------------------
    Total:                216

shb_l.a: [4]
    ABIassert.o            36
    exit.o                 20
    -------------------------------------------
    Total:                 56

    Gaps                             2
    Linker created                  16    1'024
-----------------------------------------------
    Grand Total:        1'754      394    1'036


*******************************************************************************
*** ENTRY LIST
***

Entry                       Address   Size  Type      Object
-----                       -------   ----  ----      ------
.iar.init_table$$Base         0x6ec          --   Gb  - Linker created -
.iar.init_table$$Limit        0x6fc          --   Gb  - Linker created -
?main                         0x6fd         Code  Gb  cmain.o [3]
CSTACK$$Base            0x2000'0010          --   Gb  - Linker created -
CSTACK$$Limit           0x2000'0410          --   Gb  - Linker created -
QueueStore              0x2000'0000    0x4  Data  Gb  queue.o [1]
Region$$Table$$Base           0x6ec          --   Gb  - Linker created -
Region$$Table$$Limit          0x6fc          --   Gb  - Linker created -
__aeabi_assert                0x5fd   0x24  Code  Gb  ABIassert.o [4]
__cmain                       0x6fd         Code  Gb  cmain.o [3]
__exit                        0x661   0x14  Code  Gb  exit.o [4]
__iar_data_init3              0x6c5   0x28  Code  Gb  data_init.o [3]
__iar_program_start           0x859         Code  Gb  cstartup_M.o [3]
__iar_zero_init3              0x627   0x3a  Code  Gb  zero_init3.o [3]
__low_level_init              0x71b    0x4  Code  Gb  low_level_init.o [2]
__vector_table                  0x0         Data  Gb  vector_table_M.o [3]
_call_main                    0x709         Code  Gb  cmain.o [3]
_exit                         0x725         Code  Gb  cexit.o [3]
_main                         0x717         Code  Gb  cmain.o [3]
abort                         0x621    0x6  Code  Gb  abort.o [2]
exit                          0x71f    0x4  Code  Gb  exit.o [2]
getPtr                  0x2000'0008    0x4  Data  Gb  queue.o [1]
main                           0x41  0x4f8  Code  Gb  main.o [1]
putPtr                  0x2000'0004    0x4  Data  Gb  queue.o [1]
queue_get                     0x5af   0x40  Code  Gb  queue.o [1]
queue_init                    0x539   0x1e  Code  Gb  queue.o [1]
queue_put                     0x557   0x58  Code  Gb  queue.o [1]


[1] = C:\Users\maris\embsys310\assignment04\Queue Demo\Module05_Demo08_Queue\Debug\Obj
[2] = dl7M_tln.a
[3] = rt7M_tl.a
[4] = shb_l.a

  1'754 bytes of readonly  code memory
    394 bytes of readonly  data memory
  1'036 bytes of readwrite data memory

Errors: none
Warnings: none
