###############################################################################
#
# IAR ELF Linker V8.40.1.212/W32 for ARM                  12/Nov/2020  17:19:50
# Copyright 2007-2019 IAR Systems AB.
#
#    Output file  =
#        C:\Users\maris\embsys310\assignment04\Bit Band
#        Blink\Debug\Exe\bit_band_blink.out
#    Map file     =
#        C:\Users\maris\embsys310\assignment04\Bit Band
#        Blink\Debug\List\bit_band_blink.map
#    Command line =
#        -f C:\Users\maris\AppData\Local\Temp\EWDC6D.tmp
#        ("C:\Users\maris\embsys310\assignment04\Bit Band
#        Blink\Debug\Obj\main.o" --no_out_extension -o
#        "C:\Users\maris\embsys310\assignment04\Bit Band
#        Blink\Debug\Exe\bit_band_blink.out" --redirect _Printf=_PrintfFullNoMb
#        --redirect _Scanf=_ScanfFullNoMb --map
#        "C:\Users\maris\embsys310\assignment04\Bit Band
#        Blink\Debug\List\bit_band_blink.map" --config "C:\Program Files
#        (x86)\IAR Systems\Embedded Workbench
#        8.3\arm\config\linker\ST\stm32l475xG.icf" --semihosting --entry
#        __iar_program_start --vfe --text_out locale)
#
###############################################################################

*******************************************************************************
*** RUNTIME MODEL ATTRIBUTES
***

CppFlavor       = *
__SystemLibrary = DLib
__dlib_version  = 6


*******************************************************************************
*** HEAP SELECTION
***

The basic heap was selected because some modules are built with
size limitations (and not runtime checking), and --advanced_heap
was not specified.


*******************************************************************************
*** PLACEMENT SUMMARY
***

"A0":  place at address 0x800'0000 { ro section .intvec };
"P1":  place in [from 0x0 to 0x0] |
                [from 0x800'0000 to 0x80f'ffff] { ro };
define block CSTACK with size = 8K, alignment = 8 { };
define block PROC_STACK with size = 0, alignment = 8 { };
define block HEAP with size = 8K, alignment = 8 { };
"P3":  place in [from 0x2000'0000 to 0x2001'7fff] {
          rw, block CSTACK, block PROC_STACK, block HEAP };

No sections matched the following patterns:

  ro section application_specific_ro  in "P2|P5"
  rw section application_specific_rw  in "P2|P5"
  section .textrw                     in "P4"


  Section          Kind         Address    Size  Object
  -------          ----         -------    ----  ------
"A0":                                      0x40
  .intvec          ro code   0x800'0000    0x40  vector_table_M.o [3]
                           - 0x800'0040    0x40

"P1":                                     0x114
  .text            ro code   0x800'0040    0x4c  main.o [1]
  .text            ro code   0x800'008c    0x3a  zero_init3.o [3]
  .text            ro code   0x800'00c6     0x2  vector_table_M.o [3]
  .text            ro code   0x800'00c8    0x28  data_init.o [3]
  .iar.init_table  const     0x800'00f0    0x10  - Linker created -
  .text            ro code   0x800'0100    0x1e  cmain.o [3]
  .text            ro code   0x800'011e     0x4  low_level_init.o [2]
  .text            ro code   0x800'0122     0x4  exit.o [2]
  .text            ro code   0x800'0128     0xa  cexit.o [3]
  .text            ro code   0x800'0134    0x14  exit.o [4]
  .text            ro code   0x800'0148     0xc  cstartup_M.o [3]
  .rodata          const     0x800'0154     0x0  zero_init3.o [3]
                           - 0x800'0154   0x114

"P3", part 1 of 2:                          0x4
  .bss             zero     0x2000'0000     0x4  main.o [1]
                          - 0x2000'0004     0x4

"P3", part 2 of 2:                       0x2000
  CSTACK                    0x2000'0008  0x2000  <Block>
    CSTACK         uninit   0x2000'0008  0x2000  <Block tail>
                          - 0x2000'2008  0x2000

Unused ranges:

         From           To      Size
         ----           --      ----
          0x0          0x0       0x1
   0x800'0154   0x80f'ffff  0xf'feac
  0x2000'0004  0x2000'0007       0x4
  0x2000'2008  0x2001'7fff  0x1'5ff8


*******************************************************************************
*** INIT TABLE
***

          Address      Size
          -------      ----
Zero (__iar_zero_init3)
    1 destination range, total size 0x4:
          0x2000'0000   0x4



*******************************************************************************
*** MODULE SUMMARY
***

    Module            ro code  ro data  rw data
    ------            -------  -------  -------
command line/config:
    -------------------------------------------
    Total:

C:\Users\maris\embsys310\assignment04\Bit Band Blink\Debug\Obj: [1]
    main.o                 76                 4
    -------------------------------------------
    Total:                 76                 4

dl7M_tln.a: [2]
    exit.o                  4
    low_level_init.o        4
    -------------------------------------------
    Total:                  8

rt7M_tl.a: [3]
    cexit.o                10
    cmain.o                30
    cstartup_M.o           12
    data_init.o            40
    vector_table_M.o       66
    zero_init3.o           58
    -------------------------------------------
    Total:                216

shb_l.a: [4]
    exit.o                 20
    -------------------------------------------
    Total:                 20

    Gaps                    4
    Linker created                  16    8'192
-----------------------------------------------
    Grand Total:          324       16    8'196


*******************************************************************************
*** ENTRY LIST
***

Entry                       Address  Size  Type      Object
-----                       -------  ----  ----      ------
.iar.init_table$$Base    0x800'00f0         --   Gb  - Linker created -
.iar.init_table$$Limit   0x800'0100         --   Gb  - Linker created -
?main                    0x800'0101        Code  Gb  cmain.o [3]
CSTACK$$Base            0x2000'0008         --   Gb  - Linker created -
CSTACK$$Limit           0x2000'2008         --   Gb  - Linker created -
Region$$Table$$Base      0x800'00f0         --   Gb  - Linker created -
Region$$Table$$Limit     0x800'0100         --   Gb  - Linker created -
__cmain                  0x800'0101        Code  Gb  cmain.o [3]
__exit                   0x800'0135  0x14  Code  Gb  exit.o [4]
__iar_data_init3         0x800'00c9  0x28  Code  Gb  data_init.o [3]
__iar_program_start      0x800'0149        Code  Gb  cstartup_M.o [3]
__iar_zero_init3         0x800'008d  0x3a  Code  Gb  zero_init3.o [3]
__low_level_init         0x800'011f   0x4  Code  Gb  low_level_init.o [2]
__vector_table           0x800'0000        Data  Gb  vector_table_M.o [3]
_call_main               0x800'010d        Code  Gb  cmain.o [3]
_exit                    0x800'0129        Code  Gb  cexit.o [3]
_main                    0x800'011b        Code  Gb  cmain.o [3]
counter                 0x2000'0000   0x4  Data  Gb  main.o [1]
exit                     0x800'0123   0x4  Code  Gb  exit.o [2]
main                     0x800'0041  0x4c  Code  Gb  main.o [1]


[1] = C:\Users\maris\embsys310\assignment04\Bit Band Blink\Debug\Obj
[2] = dl7M_tln.a
[3] = rt7M_tl.a
[4] = shb_l.a

    324 bytes of readonly  code memory
     16 bytes of readonly  data memory
  8'196 bytes of readwrite data memory

Errors: none
Warnings: none
