###############################################################################
#
# IAR ELF Linker V8.40.1.212/W32 for ARM                  21/Oct/2020  03:57:24
# Copyright 2007-2019 IAR Systems AB.
#
#    Output file  =
#        C:\Users\maris\embsys310\assignment03\morse\Debug\Exe\morse.out
#    Map file     =
#        C:\Users\maris\embsys310\assignment03\morse\Debug\List\morse.map
#    Command line =
#        -f C:\Users\maris\AppData\Local\Temp\EWF5FB.tmp
#        (C:\Users\maris\embsys310\assignment03\morse\Debug\Obj\main.o
#        --no_out_extension -o
#        C:\Users\maris\embsys310\assignment03\morse\Debug\Exe\morse.out
#        --redirect _Printf=_PrintfFullNoMb --redirect _Scanf=_ScanfFullNoMb
#        --map C:\Users\maris\embsys310\assignment03\morse\Debug\List\morse.map
#        --config "C:\Program Files (x86)\IAR Systems\Embedded Workbench
#        8.3\arm\config\linker\ST\stm32l475xG.icf" --semihosting --entry
#        __iar_program_start --vfe --text_out locale)
#
###############################################################################

*******************************************************************************
*** RUNTIME MODEL ATTRIBUTES
***

CppFlavor       = *
__SystemLibrary = DLib
__dlib_version  = 6


*******************************************************************************
*** HEAP SELECTION
***

The basic heap was selected because some modules are built with
size limitations (and not runtime checking), and --advanced_heap
was not specified.


*******************************************************************************
*** PLACEMENT SUMMARY
***

"A0":  place at address 0x800'0000 { ro section .intvec };
"P1":  place in [from 0x0 to 0x0] |
                [from 0x800'0000 to 0x80f'ffff] { ro };
define block CSTACK with size = 8K, alignment = 8 { };
define block PROC_STACK with size = 0, alignment = 8 { };
define block HEAP with size = 8K, alignment = 8 { };
"P3":  place in [from 0x2000'0000 to 0x2001'7fff] {
          rw, block CSTACK, block PROC_STACK, block HEAP };

No sections matched the following patterns:

  ro section application_specific_ro  in "P2|P5"
  rw section application_specific_rw  in "P2|P5"
  section .textrw                     in "P4"


  Section          Kind         Address    Size  Object
  -------          ----         -------    ----  ------
"A0":                                      0x40
  .intvec          ro code   0x800'0000    0x40  vector_table_M.o [4]
                           - 0x800'0040    0x40

"P1":                                     0x228
  .text            ro code   0x800'0040   0x13c  main.o [1]
  .text            ro code   0x800'017c    0x3a  zero_init3.o [4]
  .text            ro code   0x800'01b6     0x2  vector_table_M.o [4]
  .text            ro code   0x800'01b8    0x28  data_init.o [4]
  .text            ro code   0x800'01e0    0x22  fpinit_M.o [3]
  .iar.init_table  const     0x800'0204    0x10  - Linker created -
  .text            ro code   0x800'0214    0x1e  cmain.o [4]
  .text            ro code   0x800'0232     0x4  low_level_init.o [2]
  .text            ro code   0x800'0236     0x4  exit.o [2]
  .text            ro code   0x800'023c     0xa  cexit.o [4]
  .text            ro code   0x800'0248    0x14  exit.o [5]
  .text            ro code   0x800'025c     0xc  cstartup_M.o [4]
  .rodata          const     0x800'0268     0x0  zero_init3.o [4]
                           - 0x800'0268   0x228

"P3", part 1 of 2:                          0x4
  .bss             zero     0x2000'0000     0x4  main.o [1]
                          - 0x2000'0004     0x4

"P3", part 2 of 2:                       0x2000
  CSTACK                    0x2000'0008  0x2000  <Block>
    CSTACK         uninit   0x2000'0008  0x2000  <Block tail>
                          - 0x2000'2008  0x2000

Unused ranges:

         From           To      Size
         ----           --      ----
          0x0          0x0       0x1
   0x800'0268   0x80f'ffff  0xf'fd98
  0x2000'0004  0x2000'0007       0x4
  0x2000'2008  0x2001'7fff  0x1'5ff8


*******************************************************************************
*** INIT TABLE
***

          Address      Size
          -------      ----
Zero (__iar_zero_init3)
    1 destination range, total size 0x4:
          0x2000'0000   0x4



*******************************************************************************
*** MODULE SUMMARY
***

    Module            ro code  ro data  rw data
    ------            -------  -------  -------
command line/config:
    -------------------------------------------
    Total:

C:\Users\maris\embsys310\assignment03\morse\Debug\Obj: [1]
    main.o                316                 4
    -------------------------------------------
    Total:                316                 4

dl7M_tln.a: [2]
    exit.o                  4
    low_level_init.o        4
    -------------------------------------------
    Total:                  8

m7M_tls.a: [3]
    fpinit_M.o             34
    -------------------------------------------
    Total:                 34

rt7M_tl.a: [4]
    cexit.o                10
    cmain.o                30
    cstartup_M.o           12
    data_init.o            40
    vector_table_M.o       66
    zero_init3.o           58
    -------------------------------------------
    Total:                216

shb_l.a: [5]
    exit.o                 20
    -------------------------------------------
    Total:                 20

    Gaps                    4        2
    Linker created                  16    8'192
-----------------------------------------------
    Grand Total:          598       18    8'196


*******************************************************************************
*** ENTRY LIST
***

Entry                       Address  Size  Type      Object
-----                       -------  ----  ----      ------
.iar.init_table$$Base    0x800'0204         --   Gb  - Linker created -
.iar.init_table$$Limit   0x800'0214         --   Gb  - Linker created -
?main                    0x800'0215        Code  Gb  cmain.o [4]
CSTACK$$Base            0x2000'0008         --   Gb  - Linker created -
CSTACK$$Limit           0x2000'2008         --   Gb  - Linker created -
Region$$Table$$Base      0x800'0204         --   Gb  - Linker created -
Region$$Table$$Limit     0x800'0214         --   Gb  - Linker created -
__cmain                  0x800'0215        Code  Gb  cmain.o [4]
__exit                   0x800'0249  0x14  Code  Gb  exit.o [5]
__iar_data_init3         0x800'01b9  0x28  Code  Gb  data_init.o [4]
__iar_init_vfp           0x800'01e1        Code  Gb  fpinit_M.o [3]
__iar_program_start      0x800'025d        Code  Gb  cstartup_M.o [4]
__iar_zero_init3         0x800'017d  0x3a  Code  Gb  zero_init3.o [4]
__low_level_init         0x800'0233   0x4  Code  Gb  low_level_init.o [2]
__vector_table           0x800'0000        Data  Gb  vector_table_M.o [4]
_call_main               0x800'0221        Code  Gb  cmain.o [4]
_exit                    0x800'023d        Code  Gb  cexit.o [4]
_main                    0x800'022f        Code  Gb  cmain.o [4]
counter                 0x2000'0000   0x4  Data  Gb  main.o [1]
dash                     0x800'00c9  0x3e  Code  Gb  main.o [1]
dot                      0x800'0107  0x3c  Code  Gb  main.o [1]
exit                     0x800'0237   0x4  Code  Gb  exit.o [2]
main                     0x800'0041  0x88  Code  Gb  main.o [1]
space                    0x800'0143  0x1e  Code  Gb  main.o [1]


[1] = C:\Users\maris\embsys310\assignment03\morse\Debug\Obj
[2] = dl7M_tln.a
[3] = m7M_tls.a
[4] = rt7M_tl.a
[5] = shb_l.a

    598 bytes of readonly  code memory
     18 bytes of readonly  data memory
  8'196 bytes of readwrite data memory

Errors: none
Warnings: none
